走査した問題 854 個

■ 答えが分母13以上の分数: 9 問 / 9 セル
    g1_l7.calculation.Lv1
      Q 次の計算をせよ。 / (2/9)²
      A 4/81
    g2_l51.word_problem.Lv3
      Q 1から44までの番号が1つずつ書かれた44枚のカードから1枚を引く。引いたカードの番号が2の倍数であるか、5の倍数であるかを考える。 / そのどちらかの倍数
      A 13/22
    g2_l52.find_value.Lv1
      Q 1から19までの番号が1つずつ書かれた19枚のカードから1枚を引く。引いたカードの番号が14以上である確率を求めよ。
      A 6/19
    g2_l52.find_value.Lv3
      Q 大小2個のさいころを同時に投げるとき、出た目の和が6になる確率を、表を作って求めよ。
      A 5/36
    … ほか 5 セル

■ 問題文に絶対値記号があるのに『絶対値を求めよ』: 0 問 / 0 セル

■ かなと語の間の半角スペース: 2 問 / 2 セル
    g1_l1.knowledge.Lv2
      Q 「多い 2冊」を +2冊 と表すことにするとき、「少ない 12冊」を、符号を使って表せ。
      A -12
    g1_l28.knowledge.Lv2
      Q 正x角形の対角線の本数y本 について、y は x の関数であるといえるか答えよ。
      A yはxの関数であるといえる

■ 『である』が二重: 0 問 / 0 セル

■ 小数と分数が混在: 15 問 / 5 セル
    g1_l2.calculation.Lv2
      Q 7, 5/8, -2.5, 8/7 を小さい順に並べよ。
      A -2.5, 5/8, 8/7, 7
    g1_l2.calculation.Lv2
      Q 6, 9/7, -1.1, 5/8 を大きい順に並べよ。
      A 6, 9/7, 5/8, -1.1
    g1_l3.calculation.Lv2
      Q 次の計算をせよ。 / 1/2+(-0.6)+(-2)
      A -21/10
    g1_l3.calculation.Lv2
      Q 次の計算をせよ。 / (-4/5)+(-1.7)+(-3)
      A -11/2
    … ほか 1 セル

■ 答えが空: 0 問 / 0 セル

■ 問題文に英字の符号が残る: 0 問 / 0 セル

■ 答えの分数が帯分数にすべき大きさ: 2 問 / 2 セル
    g2_l54.find_value.Lv3
      Q 当たりが3本、はずれが4本入っているくじがある。1本引いてはもとにもどすことを3回くり返すとき、少なくとも1回は当たる確率を、余事象を利用して求めよ。
      A 279/343
    g2_l54.word_problem.Lv4
      Q 袋の中に白玉が4個、緑玉が6個、黄玉が6個入っている。この袋から玉を3個同時に取り出すとき、取り出し方は同様に確からしいものとする。 / 取り出した玉に少な
      A 129/140

■ 存在しない面数の道具: 0 問 / 0 セル

■ 相対度数・割合を分数で答えている: 0 問 / 0 セル

■ 代表値を分数で答えている: 0 問 / 0 セル

■ 角の大きさが分数: 0 問 / 0 セル

■ 問うている数を問題文が与えている: 0 問 / 0 セル

■ 長さ・個数が負: 0 問 / 0 セル

■ 3辺が三角形にならない: 0 問 / 0 セル

■ 図に言及しているのに図が無い: 0 問 / 0 セル

■ 答えが問題文にそのまま出ている: 8 問 / 5 セル
    g2_l31.find_value.Lv1
      Q 下の図で、2直線ℓ、mが1点で交わっている。∠a = 135° のとき、∠aの対頂角にあたる∠xの大きさを求めよ。
      A 135°
    g2_l31.find_value.Lv1
      Q 下の図で、2直線ℓ、mが平行であり、直線nが交わっている。∠a = 63° のとき、∠aの錯角にあたる∠xの大きさを求めよ。
      A 63°
    g2_l31.find_value.Lv1
      Q 下の図で、2直線ℓ、mが平行であり、直線nが交わっている。∠a = 99° のとき、∠aの同位角にあたる∠xの大きさを求めよ。
      A 99°
    g2_l32.find_value.Lv1
      Q 下の図で、2直線ℓ、mが平行であり、直線nが交わっている。∠a = 78° のとき、∠aの同位角にあたる∠xの大きさを求めよ。
      A 78°
    … ほか 1 セル

